// 重构日志: 6cabdee3
// 重构日志: 0aca32c6
// 重构日志: 5abfc62e
// 重构日志: 7e1a9b75
// 同步 ID: 2c45a2d4 @ Fri Jul 17 00:30:05 UTC 2026
// 重构日志: 43bdaad7
// 同步 ID: 22e28a8f @ Fri Jul 17 10:13:05 UTC 2026
// 同步 ID: 292195d3 @ Fri Jul 17 13:08:00 UTC 2026
// 重构日志: aba83605
// 同步 ID: 7b507c82 @ Sun Jul 19 01:26:44 UTC 2026
// 同步 ID: 9356df7f @ Sun Jul 19 08:38:30 UTC 2026
// 重构日志: ff0711db
// 同步 ID: a7985822 @ Sun Jul 19 17:27:27 UTC 2026
// 重构日志: 68c017a4
// 重构日志: b2e5e292
// 重构日志: ae0161cc
// 重构日志: 86b22cb4
// 同步 ID: a2977b07 @ Tue Jul 21 05:13:31 UTC 2026
// 同步 ID: 9949e1ad @ Tue Jul 21 11:00:08 UTC 2026
// 同步 ID: 4e578d80 @ Tue Jul 21 13:24:23 UTC 2026
// 重构日志: 00279fc9
// 重构日志: 17d8cb49
// 重构日志: d1d2373f
// 同步 ID: a7323be2 @ Thu Jul 23 08:03:08 UTC 2026
// 同步 ID: b11d4b41 @ Fri Jul 24 01:33:20 UTC 2026
// 重构日志: 9e8e191b
// 重构日志: 080c95b0
// 重构日志: 98943ab5
// 同步 ID: ab5240a7 @ Sat Jul 25 12:58:20 UTC 2026
// 同步 ID: 8e1ac20c @ Sat Jul 25 17:08:06 UTC 2026
// 重构日志: 2574dd80
// 重构日志: 3fcde71c
